[    0.000000] Initializing cgroup subsys cpuset
[    0.000000] Initializing cgroup subsys cpu
[    0.000000] Initializing cgroup subsys cpuacct
[    0.000000] Linux version 4.4.0-210-generic (buildd@lgw01-amd64-009) (gcc version 5.4.0 20160609 (Ubuntu 5.4.0-6ubuntu1~16.04.12) ) #242-Ubuntu SMP Fri Apr 16 09:57:56 UTC 2021 (Ubuntu 4.4.0-210.242-generic 4.4.262)
[    0.000000] Command line: BOOT_IMAGE=/boot/vmlinuz-4.4.0-210-generic root=LABEL=cloudimg-rootfs ro console=tty1 console=ttyS0
[    0.000000] KERNEL supported cpus:
[    0.000000]   Intel GenuineIntel
[    0.000000]   AMD AuthenticAMD
[    0.000000]   Centaur CentaurHauls
[    0.000000] x86/fpu: xstate_offset[2]:  576, xstate_sizes[2]:  256
[    0.000000] x86/fpu: Supporting XSAVE feature 0x01: 'x87 floating point registers'
[    0.000000] x86/fpu: Supporting XSAVE feature 0x02: 'SSE registers'
[    0.000000] x86/fpu: Supporting XSAVE feature 0x04: 'AVX registers'
[    0.000000] x86/fpu: Enabled xstate features 0x7, context size is 832 bytes, using 'standard' format.
[    0.000000] e820: BIOS-provided physical RAM map:
[    0.000000] BIOS-e820: [mem 0x0000000000000000-0x000000000009fbff] usable
[    0.000000] BIOS-e820: [mem 0x000000000009fc00-0x000000000009ffff] reserved
[    0.000000] BIOS-e820: [mem 0x00000000000f0000-0x00000000000fffff] reserved
[    0.000000] BIOS-e820: [mem 0x0000000000100000-0x000000003ffeffff] usable
[    0.000000] BIOS-e820: [mem 0x000000003fff0000-0x000000003fffffff] ACPI data
[    0.000000] BIOS-e820: [mem 0x00000000fec00000-0x00000000fec00fff] reserved
[    0.000000] BIOS-e820: [mem 0x00000000fee00000-0x00000000fee00fff] reserved
[    0.000000] BIOS-e820: [mem 0x00000000fffc0000-0x00000000ffffffff] reserved
[    0.000000] NX (Execute Disable) protection: active
[    0.000000] SMBIOS 2.5 present.
[    0.000000] Hypervisor detected: KVM
[    0.000000] e820: last_pfn = 0x3fff0 max_arch_pfn = 0x400000000
[    0.000000] MTRR: Disabled
[    0.000000] x86/PAT: MTRRs disabled, skipping PAT initialization too.
[    0.000000] CPU MTRRs all blank - virtualized system.
[    0.000000] x86/PAT: Configuration [0-7]: WB  WT  UC- UC  WB  WT  UC- UC  
[    0.000000] found SMP MP-table at [mem 0x0009fff0-0x0009ffff] mapped at [ffff88000009fff0]
[    0.000000] Scanning 1 areas for low memory corruption
[    0.000000] RAMDISK: [mem 0x362dc000-0x37165fff]
[    0.000000] ACPI: Early table checksum verification disabled
[    0.000000] ACPI: RSDP 0x00000000000E0000 000024 (v02 VBOX  )
[    0.000000] ACPI: XSDT 0x000000003FFF0030 00003C (v01 VBOX   VBOXXSDT 00000001 ASL  00000061)
[    0.000000] ACPI: FACP 0x000000003FFF00F0 0000F4 (v04 VBOX   VBOXFACP 00000001 ASL  00000061)
[    0.000000] ACPI: DSDT 0x000000003FFF0470 002325 (v02 VBOX   VBOXBIOS 00000002 INTL 20190509)
[    0.000000] ACPI: FACS 0x000000003FFF0200 000040
[    0.000000] ACPI: FACS 0x000000003FFF0200 000040
[    0.000000] ACPI: APIC 0x000000003FFF0240 00005C (v02 VBOX   VBOXAPIC 00000001 ASL  00000061)
[    0.000000] ACPI: SSDT 0x000000003FFF02A0 0001CC (v01 VBOX   VBOXCPUT 00000002 INTL 20190509)
[    0.000000] No NUMA configuration found
[    0.000000] Faking a node at [mem 0x0000000000000000-0x000000003ffeffff]
[    0.000000] NODE_DATA(0) allocated [mem 0x3ffeb000-0x3ffeffff]
[    0.000000] kvm-clock: Using msrs 4b564d01 and 4b564d00
[    0.000000] kvm-clock: cpu 0, msr 0:3ffe3001, primary cpu clock
[    0.000000] kvm-clock: using sched offset of 3911857461 cycles
[    0.000000] clocksource: kvm-clock: mask: 0xffffffffffffffff max_cycles: 0x1cd42e4dffb, max_idle_ns: 881590591483 ns
[    0.000000] Zone ranges:
[    0.000000]   DMA      [mem 0x0000000000001000-0x0000000000ffffff]
[    0.000000]   DMA32    [mem 0x0000000001000000-0x000000003ffeffff]
[    0.000000]   Normal   empty
[    0.000000]   Device   empty
[    0.000000] Movable zone start for each node
[    0.000000] Early memory node ranges
[    0.000000]   node   0: [mem 0x0000000000001000-0x000000000009efff]
[    0.000000]   node   0: [mem 0x0000000000100000-0x000000003ffeffff]
[    0.000000] Initmem setup node 0 [mem 0x0000000000001000-0x000000003ffeffff]
[    0.000000] ACPI: PM-Timer IO Port: 0x4008
[    0.000000] IOAPIC[0]: apic_id 2, version 32, address 0xfec00000, GSI 0-23
[    0.000000] ACPI: INT_SRC_OVR (bus 0 bus_irq 0 global_irq 2 dfl dfl)
[    0.000000] ACPI: INT_SRC_OVR (bus 0 bus_irq 9 global_irq 9 low level)
[    0.000000] Using ACPI (MADT) for SMP configuration information
[    0.000000] smpboot: Allowing 2 CPUs, 0 hotplug CPUs
[    0.000000] PM: Registered nosave memory: [mem 0x00000000-0x00000fff]
[    0.000000] PM: Registered nosave memory: [mem 0x0009f000-0x0009ffff]
[    0.000000] PM: Registered nosave memory: [mem 0x000a0000-0x000effff]
[    0.000000] PM: Registered nosave memory: [mem 0x000f0000-0x000fffff]
[    0.000000] e820: [mem 0x40000000-0xfebfffff] available for PCI devices
[    0.000000] Booting paravirtualized kernel on KVM
[    0.000000] clocksource: refined-jiffies: mask: 0xffffffff max_cycles: 0xffffffff, max_idle_ns: 7645519600211568 ns
[    0.000000] setup_percpu: NR_CPUS:512 nr_cpumask_bits:512 nr_cpu_ids:2 nr_node_ids:1
[    0.000000] PERCPU: Embedded 33 pages/cpu @ffff88003fc00000 s95192 r8192 d31784 u1048576
[    0.000000] Built 1 zonelists in Node order, mobility grouping on.  Total pages: 257912
[    0.000000] Policy zone: DMA32
[    0.000000] Kernel command line: BOOT_IMAGE=/boot/vmlinuz-4.4.0-210-generic root=LABEL=cloudimg-rootfs ro console=tty1 console=ttyS0
[    0.000000] PID hash table entries: 4096 (order: 3, 32768 bytes)
[    0.000000] Memory: 997792K/1048120K available (8644K kernel code, 1332K rwdata, 4044K rodata, 1492K init, 1164K bss, 50328K reserved, 0K cma-reserved)
[    0.000000] SLUB: HWalign=64, Order=0-3, MinObjects=0, CPUs=2, Nodes=1
[    0.000000] Kernel/User page tables isolation: enabled
[    0.000000] Hierarchical RCU implementation.
[    0.000000] 	Build-time adjustment of leaf fanout to 64.
[    0.000000] 	RCU restricting CPUs from NR_CPUS=512 to nr_cpu_ids=2.
[    0.000000] RCU: Adjusting geometry for rcu_fanout_leaf=64, nr_cpu_ids=2
[    0.000000] NR_IRQS:33024 nr_irqs:440 16
[    0.000000] Console: colour VGA+ 80x25
[    0.000000] console [tty1] enabled
[    0.000000] console [ttyS0] enabled
[    0.000000] tsc: Detected 1895.693 MHz processor
[    0.278546] Calibrating delay loop (skipped) preset value.. 3791.38 BogoMIPS (lpj=7582772)
[    0.281664] pid_max: default: 32768 minimum: 301
[    0.283352] ACPI: Core revision 20150930
[    0.286373] ACPI: 2 ACPI AML tables successfully acquired and loaded
[    0.291743] Security Framework initialized
[    0.294382] Yama: becoming mindful.
[    0.295998] AppArmor: AppArmor initialized
[    0.298029] Dentry cache hash table entries: 131072 (order: 8, 1048576 bytes)
[    0.302242] Inode-cache hash table entries: 65536 (order: 7, 524288 bytes)
[    0.304726] Mount-cache hash table entries: 2048 (order: 2, 16384 bytes)
[    0.307065] Mountpoint-cache hash table entries: 2048 (order: 2, 16384 bytes)
[    0.309663] Initializing cgroup subsys io
[    0.311125] Initializing cgroup subsys memory
[    0.312616] Initializing cgroup subsys devices
[    0.314301] Initializing cgroup subsys freezer
[    0.315910] Initializing cgroup subsys net_cls
[    0.317495] Initializing cgroup subsys perf_event
[    0.319235] Initializing cgroup subsys net_prio
[    0.320811] Initializing cgroup subsys hugetlb
[    0.322375] Initializing cgroup subsys pids
[    0.324066] mce: CPU supports 0 MCE banks
[    0.325747] Last level iTLB entries: 4KB 512, 2MB 8, 4MB 8
[    0.327798] Last level dTLB entries: 4KB 512, 2MB 32, 4MB 32, 1GB 0
[    0.330316] Spectre V1 : Mitigation: usercopy/swapgs barriers and __user pointer sanitization
[    0.334300] Spectre V2 : Mitigation: Full generic retpoline
[    0.338664] Spectre V2 : Spectre v2 / SpectreRSB mitigation: Filling RSB on context switch
[    0.342604] Speculative Store Bypass: Vulnerable
[    0.344927] MDS: Mitigation: Clear CPU buffers
[    0.351889] Freeing SMP alternatives memory: 36K
[    0.364820] ftrace: allocating 32380 entries in 127 pages
[    0.478113] smpboot: APIC(0) Converting physical 0 to logical package 0
[    0.480322] smpboot: Max logical packages: 1
[    0.482568] x2apic enabled
[    0.484102] Switched APIC routing to physical x2apic.
[    0.487722] ..TIMER: vector=0x30 apic1=0 pin1=2 apic2=-1 pin2=-1
[    0.597932] smpboot: CPU0: Intel(R) Xeon(R) CPU E5-2420 0 @ 1.90GHz (family: 0x6, model: 0x2d, stepping: 0x7)
[    0.603172] Performance Events: unsupported p6 CPU model 45 no PMU driver, software events only.
[    0.632579] KVM setup paravirtual spinlock
[    0.635536] x86: Booting SMP configuration:
[    0.636987] .... node  #0, CPUs:      #1
[    0.638607] kvm-clock: cpu 1, msr 0:3ffe3041, secondary cpu clock
[    0.641240] mce: CPU supports 0 MCE banks
[    0.644703] TSC synchronization [CPU#0 -> CPU#1]:
[    0.646744] Measured 298 cycles TSC warp between CPUs, turning off TSC clock.
[    0.649141] tsc: Marking TSC unstable due to check_tsc_sync_source failed
[    0.651698] x86: Booted up 1 node, 2 CPUs
[    0.653301] smpboot: Total of 2 processors activated (7582.77 BogoMIPS)
[    0.300466] devtmpfs: initialized
[    0.306532] evm: security.selinux
[    0.308012] evm: security.SMACK64
[    0.310535] evm: security.SMACK64EXEC
[    0.312006] evm: security.SMACK64TRANSMUTE
[    0.316008] evm: security.SMACK64MMAP
[    0.320004] evm: security.ima
[    0.320006] evm: security.capability
[    0.321449] clocksource: jiffies: mask: 0xffffffff max_cycles: 0xffffffff, max_idle_ns: 7645041785100000 ns
[    0.324025] futex hash table entries: 512 (order: 3, 32768 bytes)
[    0.328066] pinctrl core: initialized pinctrl subsystem
[    0.330093] RTC time: 11:44:14, date: 04/24/22
[    0.332000] NET: Registered protocol family 16
[    0.340019] cpuidle: using governor ladder
[    0.348015] cpuidle: using governor menu
[    0.349954] PCCT header not found.
[    0.351812] ACPI: bus type PCI registered
[    0.352011] acpiphp: ACPI Hot Plug PCI Controller Driver version: 0.5
[    0.356055] PCI: Using configuration type 1 for base access
[    0.368198] ACPI: Added _OSI(Module Device)
[    0.370670] ACPI: Added _OSI(Processor Device)
[    0.372024] ACPI: Added _OSI(3.0 _SCP Extensions)
[    0.374086] ACPI: Added _OSI(Processor Aggregator Device)
[    0.380930] ACPI: Executed 1 blocks of module-level executable AML code
[    0.387023] ACPI: Interpreter enabled
[    0.388022] ACPI: (supports S0 S5)
[    0.389335] ACPI: Using IOAPIC for interrupt routing
[    0.391438] PCI: Using host bridge windows from ACPI; if necessary, use "pci=nocrs" and report a bug
[    0.402936] ACPI: PCI Root Bridge [PCI0] (domain 0000 [bus 00-ff])
[    0.404017] acpi PNP0A03:00: _OSC: OS supports [ASPM ClockPM Segments MSI]
[    0.408506] acpi PNP0A03:00: _OSC: not requesting OS control; OS requires [ExtendedConfig ASPM ClockPM MSI]
[    0.416040] acpi PNP0A03:00: fail to add MMCONFIG information, can't access extended PCI configuration space under this bridge.
[    0.420528] PCI host bridge to bus 0000:00
[    0.422382] pci_bus 0000:00: root bus resource [io  0x0000-0x0cf7 window]
[    0.424010] pci_bus 0000:00: root bus resource [io  0x0d00-0xffff window]
[    0.427186] pci_bus 0000:00: root bus resource [mem 0x000a0000-0x000bffff window]
[    0.432008] pci_bus 0000:00: root bus resource [mem 0x40000000-0xfdffffff window]
[    0.432008] pci_bus 0000:00: root bus resource [bus 00-ff]
[    0.439406] pci 0000:00:01.1: legacy IDE quirk: reg 0x10: [io  0x01f0-0x01f7]
[    0.452018] pci 0000:00:01.1: legacy IDE quirk: reg 0x14: [io  0x03f6]
[    0.468010] pci 0000:00:01.1: legacy IDE quirk: reg 0x18: [io  0x0170-0x0177]
[    0.468010] pci 0000:00:01.1: legacy IDE quirk: reg 0x1c: [io  0x0376]
[    0.500172] pci 0000:00:07.0: quirk: [io  0x4000-0x403f] claimed by PIIX4 ACPI
[    0.504010] pci 0000:00:07.0: quirk: [io  0x4100-0x410f] claimed by PIIX4 SMB
[    0.517670] ACPI: PCI Interrupt Link [LNKA] (IRQs 5 9 10 *11)
[    0.522577] ACPI: PCI Interrupt Link [LNKB] (IRQs 5 9 *10 11)
[    0.526092] ACPI: PCI Interrupt Link [LNKC] (IRQs 5 *9 10 11)
[    0.530136] ACPI: PCI Interrupt Link [LNKD] (IRQs 5 9 10 *11)
[    0.534219] ACPI: Enabled 2 GPEs in block 00 to 07
[    0.536692] vgaarb: setting as boot device: PCI:0000:00:02.0
[    0.539065] vgaarb: device added: PCI:0000:00:02.0,decodes=io+mem,owns=io+mem,locks=none
[    0.544010] vgaarb: loaded
[    0.544010] vgaarb: bridge control possible 0000:00:02.0
[    0.548458] SCSI subsystem initialized
[    0.552088] ACPI: bus type USB registered
[    0.552088] usbcore: registered new interface driver usbfs
[    0.554309] usbcore: registered new interface driver hub
[    0.556020] usbcore: registered new device driver usb
[    0.561491] PCI: Using ACPI for IRQ routing
[    0.564353] NetLabel: Initializing
[    0.565997] NetLabel:  domain hash size = 128
[    0.568006] NetLabel:  protocols = UNLABELED CIPSOv4
[    0.568040] NetLabel:  unlabeled traffic allowed by default
[    0.572312] amd_nb: Cannot enumerate AMD northbridges
[    0.576142] clocksource: Switched to clocksource kvm-clock
[    0.597052] AppArmor: AppArmor Filesystem Enabled
[    0.598925] pnp: PnP ACPI init
[    0.601566] pnp: PnP ACPI: found 3 devices
[    0.610091] clocksource: acpi_pm: mask: 0xffffff max_cycles: 0xffffff, max_idle_ns: 2085701024 ns
[    0.613424] NET: Registered protocol family 2
[    0.615354] TCP established hash table entries: 8192 (order: 4, 65536 bytes)
[    0.617865] TCP bind hash table entries: 8192 (order: 5, 131072 bytes)
[    0.619985] TCP: Hash tables configured (established 8192 bind 8192)
[    0.622230] UDP hash table entries: 512 (order: 2, 16384 bytes)
[    0.624083] UDP-Lite hash table entries: 512 (order: 2, 16384 bytes)
[    0.626301] NET: Registered protocol family 1
[    0.628659] pci 0000:00:00.0: Limiting direct PCI/PCI transfers
[    0.631424] pci 0000:00:01.0: Activating ISA DMA hang workarounds
[    0.634767] Unpacking initramfs...
[    1.029734] Freeing initrd memory: 14888K
[    1.037727] RAPL PMU detected, API unit is 2^-32 Joules, 3 fixed counters 10737418240 ms ovfl timer
[    1.043025] hw unit of domain pp0-core 2^-0 Joules
[    1.048421] hw unit of domain package 2^-0 Joules
[    1.051763] hw unit of domain dram 2^-0 Joules
[    1.053697] clocksource: tsc: mask: 0xffffffffffffffff max_cycles: 0x36a68ea8fe5, max_idle_ns: 881590678518 ns
[    1.057327] platform rtc_cmos: registered platform RTC device (no PNP device found)
[    1.060183] Scanning for low memory corruption every 60 seconds
[    1.063086] audit: initializing netlink subsys (disabled)
[    1.064973] audit: type=2000 audit(1650800660.459:1): initialized
[    1.067568] Initialise system trusted keyring
[    1.069493] HugeTLB registered 2 MB page size, pre-allocated 0 pages
[    1.073825] zbud: loaded
[    1.075504] VFS: Disk quotas dquot_6.6.0
[    1.077122] VFS: Dquot-cache hash table entries: 512 (order 0, 4096 bytes)
[    1.079700] squashfs: version 4.0 (2009/01/31) Phillip Lougher
[    1.082920] fuse init (API version 7.23)
[    1.084783] Key type big_key registered
[    1.086238] Allocating IMA MOK and blacklist keyrings.
[    1.090488] Key type asymmetric registered
[    1.092671] Asymmetric key parser 'x509' registered
[    1.094483] Block layer SCSI generic (bsg) driver version 0.4 loaded (major 249)
[    1.097397] io scheduler noop registered
[    1.099091] io scheduler deadline registered (default)
[    1.101098] io scheduler cfq registered
[    1.102640] pci_hotplug: PCI Hot Plug PCI Core version: 0.5
[    1.104444] pciehp: PCI Express Hot Plug Controller Driver version: 0.4
[    1.106952] ACPI: AC Adapter [AC] (on-line)
[    1.108589] input: Power Button as /devices/LNXSYSTM:00/LNXPWRBN:00/input/input0
[    1.111816] ACPI: Power Button [PWRF]
[    1.113760] input: Sleep Button as /devices/LNXSYSTM:00/LNXSLPBN:00/input/input1
[    1.117220] ACPI: Sleep Button [SLPF]
[    1.119016] GHES: HEST is not enabled!
[    1.121893] Serial: 8250/16550 driver, 32 ports, IRQ sharing enabled
[    1.148287] 00:02: ttyS0 at I/O 0x3f8 (irq = 4, base_baud = 115200) is a 16550A
[    1.155787] Linux agpgart interface v0.103
[    1.162427] loop: module loaded
[    1.165630] scsi host0: ata_piix
[    1.167111] scsi host1: ata_piix
[    1.168464] ata1: PATA max UDMA/33 cmd 0x1f0 ctl 0x3f6 bmdma 0xd000 irq 14
[    1.170662] ata2: PATA max UDMA/33 cmd 0x170 ctl 0x376 bmdma 0xd008 irq 15
[    1.174580] libphy: Fixed MDIO Bus: probed
[    1.177349] tun: Universal TUN/TAP device driver, 1.6
[    1.180696] tun: (C) 1999-2004 Max Krasnyansky <maxk@qualcomm.com>
[    1.184941] PPP generic driver version 2.4.2
[    1.188174] ehci_hcd: USB 2.0 'Enhanced' Host Controller (EHCI) Driver
[    1.192811] ehci-pci: EHCI PCI platform driver
[    1.194605] ehci-platform: EHCI generic platform driver
[    1.196790] ohci_hcd: USB 1.1 'Open' Host Controller (OHCI) Driver
[    1.199507] ohci-pci: OHCI PCI platform driver
[    1.201951] ohci-platform: OHCI generic platform driver
[    1.204426] uhci_hcd: USB Universal Host Controller Interface driver
[    1.207485] i8042: PNP: PS/2 Controller [PNP0303:PS2K,PNP0f03:PS2M] at 0x60,0x64 irq 1,12
[    1.211831] serio: i8042 KBD port at 0x60,0x64 irq 1
[    1.214113] serio: i8042 AUX port at 0x60,0x64 irq 12
[    1.216831] mousedev: PS/2 mouse device common for all mice
[    1.219858] input: AT Translated Set 2 keyboard as /devices/platform/i8042/serio0/input/input2
[    1.224579] rtc_cmos rtc_cmos: rtc core: registered rtc_cmos as rtc0
[    1.227199] rtc_cmos rtc_cmos: alarms up to one day, 114 bytes nvram
[    1.229888] i2c /dev entries driver
[    1.231516] device-mapper: uevent: version 1.0.3
[    1.233735] device-mapper: ioctl: 4.34.0-ioctl (2015-10-28) initialised: dm-devel@redhat.com
[    1.237929] ledtrig-cpu: registered to indicate activity on CPUs
[    1.241933] NET: Registered protocol family 10
[    1.244592] NET: Registered protocol family 17
[    1.246858] Key type dns_resolver registered
[    1.249917] registered taskstats version 1
[    1.252106] Loading compiled-in X.509 certificates
[    1.255834] Loaded X.509 cert 'Build time autogenerated kernel key: cf00e047681d67edb2720680708b7d9498083038'
[    1.261275] zswap: loaded using pool lzo/zbud
[    1.268763] Key type trusted registered
[    1.281104] Key type encrypted registered
[    1.283277] AppArmor: AppArmor sha1 policy hashing enabled
[    1.286094] ima: No TPM chip found, activating TPM-bypass!
[    1.288998] ima: Allocated hash algorithm: sha1
[    1.291431] evm: HMAC attrs: 0x1
[    1.293971]   Magic number: 2:641:732
[    1.296214] rtc_cmos rtc_cmos: setting system clock to 2022-04-24 11:44:15 UTC (1650800655)
[    1.300932] BIOS EDD facility v0.16 2004-Jun-25, 0 devices found
[    1.305229] EDD information not available.
[    1.356793] Freeing unused kernel memory: 1492K
[    1.360855] Write protecting the kernel read-only data: 14336k
[    1.364577] Freeing unused kernel memory: 1584K
[    1.367022] Freeing unused kernel memory: 52K
Loading, please wait...
starting version 229
[    1.401193] random: systemd-udevd: uninitialized urandom read (16 bytes read, 2 bits of entropy available)
[    1.402176] random: udevadm: uninitialized urandom read (16 bytes read, 2 bits of entropy available)
[    1.402228] random: udevadm: uninitialized urandom read (16 bytes read, 2 bits of entropy available)
[    1.415217] random: systemd-udevd: uninitialized urandom read (16 bytes read, 2 bits of entropy available)
[    1.419316] random: systemd-udevd: uninitialized urandom read (16 bytes read, 2 bits of entropy available)
[    1.423595] random: systemd-udevd: uninitialized urandom read (16 bytes read, 2 bits of entropy available)
[    1.429817] random: systemd-udevd: uninitialized urandom read (16 bytes read, 2 bits of entropy available)
[    1.434211] random: systemd-udevd: uninitialized urandom read (16 bytes read, 2 bits of entropy available)
[    1.437556] random: udevadm: uninitialized urandom read (16 bytes read, 2 bits of entropy available)
[    1.437670] random: udevadm: uninitialized urandom read (16 bytes read, 2 bits of entropy available)
[    1.545402] Fusion MPT base driver 3.04.20
[    1.547056] Copyright (c) 1999-2008 LSI Corporation
[    1.550460] e1000: Intel(R) PRO/1000 Network Driver - version 7.3.21-k8-NAPI
[    1.553845] e1000: Copyright (c) 1999-2006 Intel Corporation.
[    1.563300] Fusion MPT SPI Host driver 3.04.20
[    1.646797] AVX version of gcm_enc/dec engaged.
[    1.649605] AES CTR mode by8 optimization enabled
[    1.791397] input: ImExPS/2 Generic Explorer Mouse as /devices/platform/i8042/serio1/input/input4
[    2.678340] e1000 0000:00:03.0 eth0: (PCI:33MHz:32-bit) 02:be:82:6b:cc:1d
[    2.681077] e1000 0000:00:03.0 eth0: Intel(R) PRO/1000 Network Connection
[    2.685253] mptbase: ioc0: Initiating bringup
[    2.688562] e1000 0000:00:03.0 enp0s3: renamed from eth0
[    4.300797] ioc0: LSI53C1030 A0: Capabilities={Initiator}
[    6.676845] scsi host2: ioc0: LSI53C1030 A0, FwRev=00000000h, Ports=1, MaxQ=256, IRQ=20
[    8.768670] scsi 2:0:0:0: Direct-Access     VBOX     HARDDISK         1.0  PQ: 0 ANSI: 5
[    8.774522] scsi target2:0:0: Beginning Domain Validation
[    8.780447] scsi target2:0:0: Domain Validation skipping write tests
[    8.783214] scsi target2:0:0: Ending Domain Validation
[    8.801660] scsi target2:0:0: asynchronous
[    8.804116] scsi 2:0:1:0: Direct-Access     VBOX     HARDDISK         1.0  PQ: 0 ANSI: 5
[    8.807684] scsi target2:0:1: Beginning Domain Validation
[    8.815071] scsi target2:0:1: Domain Validation skipping write tests
[    8.819233] scsi target2:0:1: Ending Domain Validation
[    8.823013] scsi target2:0:1: asynchronous
[    8.840277] sd 2:0:0:0: [sda] 83886080 512-byte logical blocks: (42.9 GB/40.0 GiB)
[    8.844093] sd 2:0:0:0: [sda] Write Protect is off
[    8.846128] sd 2:0:0:0: [sda] Incomplete mode parameter data
[    8.848036] sd 2:0:0:0: [sda] Assuming drive cache: write through
[    8.850248] sd 2:0:0:0: Attached scsi generic sg0 type 0
[    8.853798] sd 2:0:1:0: [sdb] 20480 512-byte logical blocks: (10.5 MB/10.0 MiB)
[    8.859329] sd 2:0:1:0: [sdb] Write Protect is off
[    8.859882] sd 2:0:1:0: Attached scsi generic sg1 type 0
[    8.863946]  sda: sda1
[    8.865717] sd 2:0:0:0: [sda] Attached SCSI disk
[    8.868751] sd 2:0:1:0: [sdb] Incomplete mode parameter data
[    8.872927] sd 2:0:1:0: [sdb] Assuming drive cache: write through
[    8.880089] sd 2:0:1:0: [sdb] Attached SCSI disk
Begin: Loading essential drivers ... [   10.536856] md: linear personality registered for level -1
[   10.544734] md: multipath personality registered for level -4
[   10.553242] md: raid0 personality registered for level 0
[   10.564401] md: raid1 personality registered for level 1
[   10.640077] raid6: sse2x1   gen()  4648 MB/s
[   10.708077] raid6: sse2x1   xor()  3743 MB/s
[   10.776087] raid6: sse2x2   gen()  5900 MB/s
[   10.844092] raid6: sse2x2   xor()  4089 MB/s
[   10.912100] raid6: sse2x4   gen()  7078 MB/s
[   10.980072] raid6: sse2x4   xor()  4775 MB/s
[   10.983718] raid6: using algorithm sse2x4 gen() 7078 MB/s
[   10.986465] raid6: .... xor() 4775 MB/s, rmw enabled
[   10.988808] raid6: using ssse3x2 recovery algorithm
[   10.993911] xor: automatically using best checksumming function:
[   11.036036]    avx       : 13284.000 MB/sec
[   11.042051] async_tx: api initialized (async)
[   11.065318] md: raid6 personality registered for level 6
[   11.067897] md: raid5 personality registered for level 5
[   11.070802] md: raid4 personality registered for level 4
[   11.087871] md: raid10 personality registered for level 10
done.
Begin: Running /scripts/init-premount ... done.
Begin: Mounting root file system ... Begin: Running /scripts/local-top ... done.
Begin: Running /scripts/local-premount ... [   11.158639] Btrfs loaded
Scanning for Btrfs filesystems
done.
Warning: fsck not present, so skipping root file system
[   11.222182] EXT4-fs (sda1): mounted filesystem with ordered data mode. Opts: (null)
done.
Begin: Running /scripts/local-bottom ... done.
Begin: Running /scripts/init-bottom ... done.
[   11.432658] systemd[1]: systemd 229 running in system mode. (+PAM +AUDIT +SELINUX +IMA +APPARMOR +SMACK +SYSVINIT +UTMP +LIBCRYPTSETUP +GCRYPT +GNUTLS +ACL +XZ -LZ4 +SECCOMP +BLKID +ELFUTILS +KMOD -IDN)
[   11.438809] systemd[1]: Detected virtualization oracle.
[   11.440782] systemd[1]: Detected architecture x86-64.

Welcome to [1mUbuntu 16.04.7 LTS[0m!

[   11.448167] systemd[1]: Set hostname to <ubuntu>.
[   11.452771] systemd[1]: Initializing machine ID from random generator.
[   11.455433] systemd[1]: Installed transient /etc/machine-id file.
[   11.753205] systemd[1]: Reached target Swap.
[[0;32m  OK  [0m] Reached target Swap.
[   11.756545] systemd[1]: Reached target Encrypted Volumes.
[[0;32m  OK  [0m] Reached target Encrypted Volumes.
[   11.761426] systemd[1]: Listening on Device-mapper event daemon FIFOs.
[[0;32m  OK  [0m] Listening on Device-mapper event daemon FIFOs.
[   11.768320] systemd[1]: Listening on LVM2 metadata daemon socket.
[[0;32m  OK  [0m] Listening on LVM2 metadata daemon socket.
[   11.774317] systemd[1]: Listening on Journal Audit Socket.
[[0;32m  OK  [0m] Listening on Journal Audit Socket.
[   11.784371] systemd[1]: Reached target System Time Synchronized.
[[0;32m  OK  [0m] Reached target System Time Synchronized.
[   11.789444] systemd[1]: Listening on LVM2 poll daemon socket.
[[0;32m  OK  [0m] Listening on LVM2 poll daemon socket.
[   11.793743] systemd[1]: Started Trigger resolvconf update for networkd DNS.
[[0;32m  OK  [0m] Started Trigger resolvconf update for networkd DNS.
[   11.798721] systemd[1]: Listening on /dev/initctl Compatibility Named Pipe.
[[0;32m  OK  [0m] Listening on /dev/initctl Compatibility Named Pipe.
[   11.805319] systemd[1]: Created slice System Slice.
[[0;32m  OK  [0m] Created slice System Slice.
[   11.811454] systemd[1]: Created slice User and Session Slice.
[[0;32m  OK  [0m] Created slice User and Session Slice.
[   11.817032] systemd[1]: Listening on udev Kernel Socket.
[[0;32m  OK  [0m] Listening on udev Kernel Socket.
[   11.822201] systemd[1]: Listening on Syslog Socket.
[[0;32m  OK  [0m] Listening on Syslog Socket.
[   11.832494] systemd[1]: Listening on Journal Socket.
[[0;32m  OK  [0m] Listening on Journal Socket.
[   11.851939] systemd[1]: Starting Uncomplicated firewall...
         Starting Uncomplicated firewall...
[   11.858279] systemd[1]: Starting Create list of required static device nodes for the current kernel...
         Starting Create list of required st... nodes for the current kernel...
[   11.873933] systemd[1]: Mounting Huge Pages File System...
         Mounting Huge Pages File System...
[   11.879330] systemd[1]: Starting Monitoring of LVM2 mirrors, snapshots etc. using dmeventd or progress polling...
         Starting Monitoring of LVM2 mirrors... dmeventd or progress polling...
[   11.891200] systemd[1]: Mounting Debug File System...
         Mounting Debug File System...
[   11.897912] systemd[1]: Set up automount Arbitrary Executable File Formats File System Automount Point.
[[0;32m  OK  [0m] Set up automount Arbitrary Executab...ats File System Automount Point.
[   11.908912] systemd[1]: Reached target User and Group Name Lookups.
[[0;32m  OK  [0m] Reached target User and Group Name Lookups.
[   11.914553] systemd[1]: Listening on fsck to fsckd communication Socket.
[[0;32m  OK  [0m] Listening on fsck to fsckd communication Socket.
[   11.932444] systemd[1]: Starting File System Check on Root Device...
         Starting File System Check on Root Device...
[   11.938556] systemd[1]: Created slice system-serial\x2dgetty.slice.
[[0;32m  OK  [0m] Created slice system-serial\x2dgetty.slice.
[   11.946788] systemd[1]: Starting Set console keymap...
         Starting Set console keymap...
[   11.951335] systemd[1]: Listening on Journal Socket (/dev/log).
[[0;32m  OK  [0m] Listening on Journal Socket (/dev/log).
[   11.976448] systemd[1]: Starting Journal Service...
         Starting Journal Service...
[   11.979689] systemd[1]: Reached target Slices.
[[0;32m  OK  [0m] Reached target Slices.
[   11.985583] systemd[1]: Started Forward Password Requests to Wall Directory Watch.
[[0;32m  OK  [0m] Started Forward Password Requests to Wall Directory Watch.
[   11.994441] systemd[1]: Starting Load Kernel Modules...
         Starting Load Kernel Modules...
[   12.000341] systemd[1]: Starting Nameserver information manager...
         Starting Nameserver information manager...
[   12.009907] systemd[1]: Listening on udev Control Socket.
[[0;32m  OK  [0m] Listening on udev Control Socket.
[   12.023484] systemd[1]: Mounting POSIX Message Queue File System...
         Mounting POSIX Message Queue File System...
[   12.037236] systemd[1]: Mounted Huge Pages File System.
[[0;32m  OK  [0m] Mounted Huge Pages File System.
[   12.049849] systemd[1]: Mounted POSIX Message Queue File System.
[[0;32m  OK  [0m] Mounted POSIX Message Queue File System.
[   12.056333] systemd[1]: Mounted Debug File System.
[[0;32m  OK  [0m] Mounted Debug File System.
[   12.061001] systemd[1]: Started Uncomplicated firewall.
[[0;32m  OK  [0m] Started Uncomplicated firewall.
[   12.069070] Loading iSCSI transport class v2.0-870.
[   12.073398] systemd[1]: Started Create list of required static device nodes for the current kernel.
[[0;32m  OK  [0m] Started Create list of required sta...ce nodes for the current kernel.
[   12.080359] systemd[1]: Started File System Check on Root Device.
[[0;32m  OK  [0m] Started File System Check on Root Device.
[   12.085704] systemd[1]: Started Set console keymap.
[[0;32m  OK  [0m] Started Set console keymap.
[   12.094548] iscsi: registered transport (tcp)
[   12.105157] systemd[1]: Started Journal Service.
[[0;32m  OK  [0m] Started Journal Service.
[[0;32m  OK  [0m] Started Nameserver information manager.
[[0;32m  OK  [0m] Started LVM2 metadata daemon.
[[0;32m  OK  [0m] Started File System Check Daemon to report status.
         Starting Remount Root and Kernel File Systems...
         Starting Create Static Device Nodes in /dev...
[   12.150160] EXT4-fs (sda1): re-mounted. Opts: (null)
[[0;32m  OK  [0m] Started Remount Root and Kernel File Systems.
         Starting udev Coldplug all Devices...
         Starting Load/Save Random Seed...
         Starting Flush Journal to Persistent Storage...
[   12.197448] iscsi: registered transport (iser)
[[0;32m  OK  [0m] Started Load/Save Random Seed.
[[0;32m  OK  [0m] Started Create Static Device Nodes in /dev.
         Starting udev Kernel Device Manager...
[[0;32m  OK  [0m] Started Load Kernel Modules.
         Starting Apply Kernel Variables...
         Mounting FUSE Control File System...
[[0;32m  OK  [0m] Mounted FUSE Control File System.
[   12.275413] systemd-journald[401]: Received request to flush runtime journal from PID 1
[[0;32m  OK  [0m] Started Apply Kernel Variables.
[[0;32m  OK  [0m] Started Flush Journal to Persistent Storage.
[[0;32m  OK  [0m] Started udev Kernel Device Manager.
[[0;32m  OK  [0m] Started udev Coldplug all Devices.
[[0;32m  OK  [0m] Started Dispatch Password Requests to Console Directory Watch.
[[0;32m  OK  [0m] Started Monitoring of LVM2 mirrors,...ng dmeventd or progress polling.
[[0;32m  OK  [0m] Reached target Local File Systems (Pre).
[[0;32m  OK  [0m] Reached target Local File Systems.
         Starting Commit a transient machine-id on disk...
         Starting Tell Plymouth To Write Out Runtime Data...
         Starting Create Volatile Files and Directories...
         Starting Initial cloud-init job (pre-networking)...
         Starting LSB: AppArmor initialization...
         Starting Set console font and keymap...
[[0;32m  OK  [0m] Started Tell Plymouth To Write Out Runtime Data.
[[0;32m  OK  [0m] Started Create Volatile Files and Directories.
         Starting Update UTMP about System Boot/Shutdown...
[[0;32m  OK  [0m] Started Commit a transient machine-id on disk.
[[0;32m  OK  [0m] Started Update UTMP about System Boot/Shutdown.
[[0;32m  OK  [0m] Found device /dev/ttyS0.
[[0;32m  OK  [0m] Listening on Load/Save RF Kill Switch Status /dev/rfkill Watch.
[   14.944299] [[0;32m  OK  [0m] Started LSB: AppArmor initialization.
cloud-init[508]: Cloud-init v. 21.1-19-gbad84ad4-0ubuntu1~16.04.2 running 'init-local' at Sun, 24 Apr 2022 11:44:28 +0000. Up 14.13 seconds.
[[0;32m  OK  [0m] Started Set console font and keymap.
[[0;32m  OK  [0m] Started Initial cloud-init job (pre-networking).
[[0;32m  OK  [0m] Reached target Network (Pre).
[[0;32m  OK  [0m] Created slice system-getty.slice.
         Starting Raise network interfaces...
         Starting Load AppArmor profiles managed internally by snapd...
[[0;32m  OK  [0m] Started Load AppArmor profiles managed internally by snapd.
[[0;32m  OK  [0m] Started Raise network interfaces.
[[0;32m  OK  [0m] Reached target Network.
         Starting Initial cloud-init job (metadata service crawler)...
[   17.937261] cloud-init[963]: Cloud-init v. 21.1-19-gbad84ad4-0ubuntu1~16.04.2 running 'init' at Sun, 24 Apr 2022 11:44:30 +0000. Up 16.35 seconds.
[   17.941555] cloud-init[963]: ci-info: ++++++++++++++++++++++++++++++++++++++Net device info++++++++++++++++++++++++++++++++++++++
[   17.952817] cloud-init[963]: ci-info: +--------+------+----------------------------+---------------+--------+-------------------+
[   17.956430] cloud-init[963]: ci-info: | Device |  Up  |          Address           |      Mask     | Scope  |     Hw-Address    |
[   17.969277] cloud-init[963]: ci-info: +--------+------+----------------------------+---------------+--------+-------------------+
[   17.972962] cloud-init[963]: ci-info: | enp0s3 | True |         10.0.2.15          | 255.255.255.0 | global | 02:be:82:6b:cc:1d |
[   17.977690] cloud-init[963]: ci-info: | enp0s3 | True | fe80::be:82ff:fe6b:cc1d/64 |       .       |  link  | 02:be:82:6b:cc:1d |
[   17.982399] cloud-init[963]: ci-info: |   lo   | True |         127.0.0.1          |   255.0.0.0   |  host  |         .         |
[   17.987331] cloud-init[963]: ci-info: |   lo   | True |          ::1/128           |       .       |  host  |         .         |
[   17.992242] cloud-init[963]: ci-info: +--------+------+----------------------------+---------------+--------+-------------------+
[   17.997099] cloud-init[963]: ci-info: +++++++++++++++++++++++++++Route IPv4 info++++++++++++++++++++++++++++
[   18.001236] cloud-init[963]: ci-info: +-------+-------------+----------+---------------+-----------+-------+
[   18.005382] cloud-init[963]: ci-info: | Route | Destination | Gateway  |    Genmask    | Interface | Flags |
[   18.009794] cloud-init[963]: ci-info: +-------+-------------+----------+---------------+-----------+-------+
[   18.013883] cloud-init[963]: ci-info: |   0   |   0.0.0.0   | 10.0.2.2 |    0.0.0.0    |   enp0s3  |   UG  |
[   18.018162] cloud-init[963]: ci-info: |   1   |   10.0.2.0  | 0.0.0.0  | 255.255.255.0 |   enp0s3  |   U   |
[   18.022552] cloud-init[963]: ci-info: +-------+-------------+----------+---------------+-----------+-------+
[   18.027040] cloud-init[963]: ci-info: +++++++++++++++++++Route IPv6 info+++++++++++++++++++
[   18.031426] cloud-init[963]: ci-info: +-------+-------------+---------+-----------+-------+
[   18.035592] cloud-init[963]: ci-info: | Route | Destination | Gateway | Interface | Flags |
[   18.040410] cloud-init[963]: ci-info: +-------+-------------+---------+-----------+-------+
[   18.045484] cloud-init[963]: ci-info: |   0   |  fe80::/64  |    ::   |   enp0s3  |   U   |
[   18.049073] cloud-init[963]: ci-info: |   3   |   ff00::/8  |    ::   |   enp0s3  |   U   |
[   18.051787] cloud-init[963]: ci-info: +-------+-------------+---------+-----------+-------+
[   18.054741] cloud-init[963]: Generating public/private rsa key pair.
[   18.065627] cloud-init[963]: Your identification has been saved in /etc/ssh/ssh_host_rsa_key.
[   18.068695] cloud-init[963]: Your public key has been saved in /etc/ssh/ssh_host_rsa_key.pub.[[0;32m  OK  [0m] Started Initial cloud-init job (metadata service crawler).

[[0;32m  OK  [0m] Reached target Cloud-config availability.
[[0;32m  OK  [0m] Reached target Network is Online.
[   18.074445] cloud-init[963]: The key fingerprint is:
[   18.076211] cloud-init[963]: SHA256:ad6uk6jO0bwFlLvmWctBk8UGY0MgwSQsMqhxWo1/u04 root@ubuntu-xenial
[   18.079527] cloud-init[963]: The key's randomart image is:
[   18.082003] cloud-init[963]: +---[RSA 2048]----+
[   18.084308]          Starting iSCSI initiator daemon (iscsid)...
[[0;32m  OK  [0m] Reached target System Initialization.
[[0;32m  OK  [0m] Started Daily apt download activities.
[[0;32m  OK  [0m] Listening on ACPID Listen Socket.
[[0;32m  OK  [0m] Started Daily Cleanup of Temporary Directories.
[[0;32m  OK  [0m] Started Message of the Day.
[[0;32m  OK  [0m] Started Daily apt upgrade and clean activities.
[[0;32m  OK  [0m] Listening on D-Bus System Message Bus Socket.
[[0;32m  OK  [0m] Listening on UUID daemon activation socket.
cloud-init[963]: |...=+..o*        |
         Starting Socket activation for snappy daemon.
[   18.104579] cloud-init[963]:          Starting LXD - unix socket.
|* =.o. o =       |
[   18.112820] [[0;32m  OK  [0m] Started ACPI Events Check.
[[0;32m  OK  [0m] Reached target Paths.
cloud-init[[0;32m  OK  [0m] Started Ubuntu Advantage update messaging.
[[0;32m  OK  [0m] Reached target Timers.
[963]: |oB .  o   +      |
[[0;32m  OK  [0m] Listening on Socket activation for snappy daemon.
[[0;32m  OK  [0m[   18.118949] cloud-init[963]: |o   .... =       |
[   18.122318] cloud-init[963]: |     .o.S        |
[   18.123096] cloud-init[963]: |     o.* o       |
[   18.123829] cloud-init[963]: |    . Eo=..      |
[   18.125128] cloud-init[963]: |   . =o*o+       |
[   18.125804] cloud-init[963]: |   .+o= +o.      |
[   18.126512] cloud-init[963]: +----[SHA256]-----+
[   18.127168] cloud-init[963]: Generating public/private dsa key pair.
[   18.127869] cloud-init[963]: Your identification has been saved in /etc/ssh/ssh_host_dsa_key.
] Listening on LXD - unix socket.
[   18.128821] cloud-init[963]: Your public key has been saved in /etc/ssh/ssh_host_dsa_key.pub.
[   18.134580] cloud-init[963]: The key fingerprint is:
[[0;32m  OK  [0m] Reached target Sockets.
[   18.147173] cloud-init[963]: SHA256:U8UJmsCNZ1uL61HiJN23tmf1wp60AIJMbRxjz0Hm5Vc root@ubuntu-xenial
[   18.150854] cloud-init[963]: The key's randomart image is:
[[0;32m  OK  [0m] Reached target Basic System.
[   18.157156] cloud-init[963]: +---[DSA 1024]----+
[   18.161323] cloud-init[963]: |     ..o+.=oo.  E|
[   18.162750] cloud-init[963]: |      o=+X.=o  . |
[   18.164952] cloud-init[963]: |      .+*==.. .  |
[   18.166722] cloud-init[963]: |     o.o*.+ ..   |
[   18.168446] cloud-init[963]: |      o+S+.. .   |
[   18.169980] cloud-init[963]: |        +o .o   .|
[   18.171547] cloud-init[963]: |       . . ..o...|
[   18.173131] cloud-init[963]: |        .   .o=o.|
[   18.174659] cloud-init[963]: |             ++. |
         Starting System Logging Service...
[[0;32m  OK  [0m] Started D-Bus System Message Bus.
[   18.176983] cloud-init[963]: +----[SHA256]-----+
[   18.186260] cloud-init[963]: Generating public/private ecdsa key pair.
[   18.188912] cloud-init[963]: Your identification has been saved in /etc/ssh/ssh_host_ecdsa_key.
[   18.190990] cloud-init[963]: Your public key has been saved in /etc/ssh/ssh_host_ecdsa_key.pub.
[   18.193135] cloud-init[963]: The key fingerprint is:
[   18.200415] cloud-init[963]: SHA256:N0z1KkiUHAJ1YydrHsT8qVlc2Y81Z6JbQctLaz6w2Go root@ubuntu-xenial
[   18.208486] cloud-init[963]: The key's randomart image is:
[   18.210422] cloud-init[963]: +---[ECDSA 256]---+
[   18.216595] cloud-init[963]: |    .oo+Oo. .+.  |
[   18.225204] cloud-init[963]: |       *== .oo+o+|
[   18.228663] cloud-init[963]: |        =o.o .=Bo|
[   18.231439] cloud-init[963]: |       + == .ooo.|
[   18.234622] cloud-init[963]: |        S+= oo+  |
[   18.238656] cloud-init[963]: |        o. =.=   |
[   18.240828] cloud-init[963]: |          . o o  |
[   18.242609] cloud-init[963]: |          E.   . |
[   18.247826] cloud-init[963]: |         ..      |
[   18.249546] cloud-init[963]: +----[SHA256]-----+
[   18.251784] cloud-init[963]: Generating public/private ed25519 key pair.
[   18.253990] cloud-init[963]: Your identification has been saved in /etc/ssh/ssh_host_ed25519_key.
         Starting Pollinate to seed the pseudo random number generator...
[   18.258154] cloud-init[963]: Your public key has been saved in /etc/ssh/ssh_host_ed25519_key.pub.         Starting Login Service...
         Starting LSB: Record successful boot for GRUB...
[[0;32m  OK  [0m] Started FUSE filesystem for LXC.

         Starting LSB: MD monitoring daemon...
[[0;32m  OK  [0m] Started Deferred execution scheduler.
[[0;32m  OK  [0m] Started ACPI event daemon.
         Starting /etc/rc.local Compatibility...
         Starting LXD - container startup/shutdown...
         Starting Snap Daemon...
         Starting Accounts Service...
[[0;32m  OK  [0m] Started Regular background program processing daemon.
         Starting Virtualbox guest utils...
[[0;32m  OK  [0m] Started System Logging Service.
[[0;32m  OK  [0m] Started iSCSI initiator daemon (iscsid).
[[0;32m  OK  [0m] Started /etc/rc.local Compatibility.
[   18.312303] cloud-init[963]: The key fingerprint is:
[   18.341039] cloud-init[963]: SHA256:B44vR1ZcoAA4xKf/h9Ojk91wUjnkHz8sF+/m7SZY430 root@ubuntu-xenial         Starting Login to default iSCSI targets...
[[0;32m  OK  [0m] Started Login Service.
[   18.361018] cloud-init
[963]: The key's randomart image is:
[[0;32m  OK  [0m] Started Unattended Upgrades Shutdown.
[   18.379016] cloud-init[963]: +--[ED25519 256]--+
[   18.397332] cloud-init[963]: | o.....   ...    |
[   18.403700] cloud-init[963]: |  + .  . o..     |
[   18.409003] cloud-init[963]: |   +    ooo.     |
[   18.415004] cloud-init[963]: |  .    o o= . .  |
[   18.427395] [[0;32m  OK  [0m] Started Login to default iSCSI targets.
[[0;32m  OK  [0m] Reached target Remote File Systems (Pre).
[[0;32m  OK  [0m] Reached target Remote File Systems.
         Starting LSB: Set the CPU Frequency Scaling governor to "ondemand"...
         cloud-init[963]: |   .  . S..o + o |
Starting LSB: automatic crash report generation...
[   18.443549] cloud-init         Starting Permit User Sessions...
         Starting LSB: daemon to balance interrupts for SMP systems...
[[0;32m  OK  [0m] Started LSB: MD monitoring daemon.
[[0;32m  OK  [0m] Started Permit User Sessions.
         Starting Terminate Plymouth Boot Screen...
         Starting Hold until boot process finishes up...
[963]: |    .  +o.. o B .|
[[0;32m  OK  [0m] Started Hold until boot process finishes up.
[   18.502909] cloud-init         Starting Set console scheme...
[[0;32m  OK  [0m] Started Serial Getty on ttyS0.
[[0;32m  OK  [0m] Started Getty on tty1.
[[0;32m  OK  [0m] Reached target Login Prompts.
[963]: |     ..=o=   * = |[[0;32m  OK  [0m] Started LSB: Record successful boot for GRUB.
[[0;32m  OK  [0m] Started Terminate Plymouth Boot Screen.

[   18.529112] cloud-init[963]: [[0;32m  OK  [0m] Started Set console scheme.
|      *o= . . o E|
[   18.547688] cloud-init[963]: |      .= .     *=|[[0;32m  OK  [0m] Started LSB: Set the CPU Frequency Scaling governor to "ondemand".

[   18.582686] cloud-init[963]: +----[SHA256]-----+
         Starting Authenticate and Authorize Users to Run Privileged Tasks...
[[0;32m  OK  [0m] Started LSB: automatic crash report generation.
[[0;32m  OK  [0m] Started LSB: daemon to balance interrupts for SMP systems.
[[0;32m  OK  [0m] Started LXD - container startup/shutdown.
[[0;32m  OK  [0m] Started Authenticate and Authorize Users to Run Privileged Tasks.
[[0;32m  OK  [0m] Started Accounts Service.
[[0;32m  OK  [0m] Started Virtualbox guest utils.
[[0;32m  OK  [0m] Started Snap Daemon.
         Starting Wait until snapd is fully seeded...
[[0;32m  OK  [0m] Started Pollinate to seed the pseudo random number generator.
         Starting OpenBSD Secure Shell server...
[[0;32m  OK  [0m] Started OpenBSD Secure Shell server.
[[0;32m  OK  [0m] Created slice User Slice of vagrant.
         Starting User Manager for UID 1000...
[[0;32m  OK  [0m] Started Session 1 of user vagrant.
[[0;32m  OK  [0m] Started User Manager for UID 1000.
[[0;32m  OK  [0m] Started Wait until snapd is fully seeded.
[[0;32m  OK  [0m] Reached target Multi-User System.
[[0;32m  OK  [0m] Reached target Graphical Interface.
         Starting Update UTMP about System Runlevel Changes...
         Starting Apply the settings specified in cloud-config...
[[0;32m  OK  [0m] Started Update UTMP about System Runlevel Changes.
[   24.220605] cloud-init[1491]: Generating locales (this might take a while)...

Ubuntu 16.04.7 LTS ubuntu-xenial ttyS0

ubuntu-xenial login: [   26.165003] cloud-init[1491]:   en_US.UTF-8... done
[   26.167320] cloud-init[1491]: Generation complete.
[   26.929045] cloud-init[1491]: Cloud-init v. 21.1-19-gbad84ad4-0ubuntu1~16.04.2 running 'modules:config' at Sun, 24 Apr 2022 11:44:38 +0000. Up 23.91 seconds.
ci-info: no authorized SSH keys fingerprints found for user ubuntu.
<14>Apr 24 11:44:42 ec2: 
<14>Apr 24 11:44:42 ec2: #############################################################
<14>Apr 24 11:44:42 ec2: -----BEGIN SSH HOST KEY FINGERPRINTS-----
<14>Apr 24 11:44:42 ec2: 1024 SHA256:U8UJmsCNZ1uL61HiJN23tmf1wp60AIJMbRxjz0Hm5Vc root@ubuntu-xenial (DSA)
<14>Apr 24 11:44:42 ec2: 256 SHA256:N0z1KkiUHAJ1YydrHsT8qVlc2Y81Z6JbQctLaz6w2Go root@ubuntu-xenial (ECDSA)
<14>Apr 24 11:44:42 ec2: 256 SHA256:B44vR1ZcoAA4xKf/h9Ojk91wUjnkHz8sF+/m7SZY430 root@ubuntu-xenial (ED25519)
<14>Apr 24 11:44:42 ec2: 2048 SHA256:ad6uk6jO0bwFlLvmWctBk8UGY0MgwSQsMqhxWo1/u04 root@ubuntu-xenial (RSA)
<14>Apr 24 11:44:42 ec2: -----END SSH HOST KEY FINGERPRINTS-----
<14>Apr 24 11:44:42 ec2: #############################################################
-----BEGIN SSH HOST KEY KEYS-----
ecdsa-sha2-nistp256 AAAAE2VjZHNhLXNoYTItbmlzdHAyNTYAAAAIbmlzdHAyNTYAAABBBHBVki7C/SklLie/H4mBokvcdrrI1Mnxhcod18rdINJezzN+gpPyDa4ifMRFK1wXgEQXV5WTCMpTUcNGLoiKl50= root@ubuntu-xenial
ssh-ed25519 AAAAC3NzaC1lZDI1NTE5AAAAIH3Q5xn9R+y7M42sI8k4uEIUrpc2ePoE1+Xq+Xnxs+dP root@ubuntu-xenial
ssh-rsa AAAAB3NzaC1yc2EAAAADAQABAAABAQDLRE1H0aFTVxaa3I29cu/g+WaTiO7VS2dedK1Eg4ksCN/yhYGV+zrbBbGFVYCBmbPsTj22YTbAkikpOgXQ7m7R4djhV/S8hesOgmgOkNK+qCZ7zKeix0xmfHiOV1b8AQLOMorWpR7HCEzJwXBBAAOGFaqBNV4n+3hNnMCyssTidHV52EddbUlc5z2m+1P+o5eMGqsOyUpmzfgGVK7NUbpjW6Sf5Cn4je2aqJ277eVbxaaeBDfQwH25yu9YoAILS2b0xXUNBkZW1/cDfF8HFFacB75iy21/8xrIBLNntZT+/IWgdFRrzGfmerMqor0TEYZm2v0jUt+VqEHzbDXX8ou/ root@ubuntu-xenial
-----END SSH HOST KEY KEYS-----
[   28.253255] cloud-init[1714]: Cloud-init v. 21.1-19-gbad84ad4-0ubuntu1~16.04.2 running 'modules:final' at Sun, 24 Apr 2022 11:44:42 +0000. Up 27.83 seconds.
[   28.257090] cloud-init[1714]: ci-info: no authorized SSH keys fingerprints found for user ubuntu.
[   28.261811] cloud-init[1714]: Cloud-init v. 21.1-19-gbad84ad4-0ubuntu1~16.04.2 finished at Sun, 24 Apr 2022 11:44:42 +0000. Datasource DataSourceNoCloud [seed=/dev/sdb][dsmode=net].  Up 28.22 seconds
